Child 0
Child 1
Child 2
Child 3
Child 4
Child 5
Child 6
Child 7
Child 8
Child 9
Child 0
Child 1
Child 2
Child 3
Child 4
Child 5
Child 6
Child 7
Child 8
Child 9
Child 0
Child 1
Child 2
Child 3
Child 4
Child 5
Child 6
Child 7
Child 8
Child 9
Child 0
Child 1
Child 2
Child 3
Child 4
Child 5
Child 6
Child 7
Child 8
Child 9
Child 0
Child 1
Child 2
Child 3
Child 4
Child 5
Child 6
Child 7
Child 8
Child 9
Child 0
Child 1
Child 2
Child 3
Child 4
Child 5
Child 6
Child 7
Child 8
Child 9
Child 0
Child 1
Child 2
Child 3
Child 4
Child 5
Child 6
Child 7
Child 8
Child 9
Child 0
Child 1
Child 2
Child 3
Child 4
Child 5
Child 6
Child 7
Child 8
Child 9
Child 0
Child 1
Child 2
Child 3
Child 4
Child 5
Child 6
Child 7
Child 8
Child 9
Child 0
Child 1
Child 2
Child 3
Child 4
Child 5
Child 6
Child 7
Child 8
Child 9
Child 0
Child 1
Child 2
Child 3
Child 4
Child 5
Child 6
Child 7
Child 8
Child 9
Child 0
Child 1
Child 2
Child 3
Child 4
Child 5
Child 6
Child 7
Child 8
Child 9
Child 0
Child 1
Child 2
Child 3
Child 4
Child 5
Child 6
Child 7
Child 8
Child 9
Child 0
Child 1
Child 2
Child 3
Child 4
Child 5
Child 6
Child 7
Child 8
Child 9
Child 0
Child 1
Child 2
Child 3
Child 4
Child 5
Child 6
Child 7
Child 8
Child 9
Child 0
Child 1
Child 2
Child 3
Child 4
Child 5
Child 6
Child 7
Child 8
Child 9
Child 0
Child 1
Child 2
Child 3
Child 4
Child 5
Child 6
Child 7
Child 8
Child 9
Child 0
Child 1
Child 2
Child 3
Child 4
Child 5
Child 6
Child 7
Child 8
Child 9
Child 0
Child 1
Child 2
Child 3
Child 4
Child 5
Child 6
Child 7
Child 8
Child 9
Child 0
Child 1
Child 2
Child 3
Child 4
Child 5
Child 6
Child 7
Child 8
Child 9
Child 0
Child 1
Child 2
Child 3
Child 4
Child 5
Child 6
Child 7
Child 8
Child 9
Child 0
Child 1
Child 2
Child 3
Child 4
Child 5
Child 6
Child 7
Child 8
Child 9
Child 0
Child 1
Child 2
Child 3
Child 4
Child 5
Child 6
Child 7
Child 8
Child 9
Child 0
Child 1
Child 2
Child 3
Child 4
Child 5
Child 6
Child 7
Child 8
Child 9
Child 0
Child 1
Child 2
Child 3
Child 4
Child 5
Child 6
Child 7
Child 8
Child 9
Child 0
Child 1
Child 2
Child 3
Child 4
Child 5
Child 6
Child 7
Child 8
Child 9
Child 0
Child 1
Child 2
Child 3
Child 4
Child 5
Child 6
Child 7
Child 8
Child 9
Child 0
Child 1
Child 2
Child 3
Child 4
Child 5
Child 6
Child 7
Child 8
Child 9
Child 0
Child 1
Child 2
Child 3
Child 4
Child 5
Child 6
Child 7
Child 8
Child 9
Child 0
Child 1
Child 2
Child 3
Child 4
Child 5
Child 6
Child 7
Child 8
Child 9
Child 0
Child 1
Child 2
Child 3
Child 4
Child 5
Child 6
Child 7
Child 8
Child 9
Child 0
Child 1
Child 2
Child 3
Child 4
Child 5
Child 6
Child 7
Child 8
Child 9
Child 0
Child 1
Child 2
Child 3
Child 4
Child 5
Child 6
Child 7
Child 8
Child 9
Child 0
Child 1
Child 2
Child 3
Child 4
Child 5
Child 6
Child 7
Child 8
Child 9
Child 0
Child 1
Child 2
Child 3
Child 4
Child 5
Child 6
Child 7
Child 8
Child 9
Child 0
Child 1
Child 2
Child 3
Child 4
Child 5
Child 6
Child 7
Child 8
Child 9
Child 0
Child 1
Child 2
Child 3
Child 4
Child 5
Child 6
Child 7
Child 8
Child 9
Child 0
Child 1
Child 2
Child 3
Child 4
Child 5
Child 6
Child 7
Child 8
Child 9
Child 0
Child 1
Child 2
Child 3
Child 4
Child 5
Child 6
Child 7
Child 8
Child 9
Child 0
Child 1
Child 2
Child 3
Child 4
Child 5
Child 6
Child 7
Child 8
Child 9
Child 0
Child 1
Child 2
Child 3
Child 4
Child 5
Child 6
Child 7
Child 8
Child 9
Child 0
Child 1
Child 2
Child 3
Child 4
Child 5
Child 6
Child 7
Child 8
Child 9
Child 0
Child 1
Child 2
Child 3
Child 4
Child 5
Child 6
Child 7
Child 8
Child 9
Child 0
Child 1
Child 2
Child 3
Child 4
Child 5
Child 6
Child 7
Child 8
Child 9
Child 0
Child 1
Child 2
Child 3
Child 4
Child 5
Child 6
Child 7
Child 8
Child 9
Child 0
Child 1
Child 2
Child 3
Child 4
Child 5
Child 6
Child 7
Child 8
Child 9
Child 0
Child 1
Child 2
Child 3
Child 4
Child 5
Child 6
Child 7
Child 8
Child 9
Child 0
Child 1
Child 2
Child 3
Child 4
Child 5
Child 6
Child 7
Child 8
Child 9
Child 0
Child 1
Child 2
Child 3
Child 4
Child 5
Child 6
Child 7
Child 8
Child 9
Child 0
Child 1
Child 2
Child 3
Child 4
Child 5
Child 6
Child 7
Child 8
Child 9
Child 0
Child 1
Child 2
Child 3
Child 4
Child 5
Child 6
Child 7
Child 8
Child 9
Child 0
Child 1
Child 2
Child 3
Child 4
Child 5
Child 6
Child 7
Child 8
Child 9
Child 0
Child 1
Child 2
Child 3
Child 4
Child 5
Child 6
Child 7
Child 8
Child 9
Child 0
Child 1
Child 2
Child 3
Child 4
Child 5
Child 6
Child 7
Child 8
Child 9
Child 0
Child 1
Child 2
Child 3
Child 4
Child 5
Child 6
Child 7
Child 8
Child 9
Child 0
Child 1
Child 2
Child 3
Child 4
Child 5
Child 6
Child 7
Child 8
Child 9
Child 0
Child 1
Child 2
Child 3
Child 4
Child 5
Child 6
Child 7
Child 8
Child 9
Child 0
Child 1
Child 2
Child 3
Child 4
Child 5
Child 6
Child 7
Child 8
Child 9
Child 0
Child 1
Child 2
Child 3
Child 4
Child 5
Child 6
Child 7
Child 8
Child 9
Child 0
Child 1
Child 2
Child 3
Child 4
Child 5
Child 6
Child 7
Child 8
Child 9
Child 0
Child 1
Child 2
Child 3
Child 4
Child 5
Child 6
Child 7
Child 8
Child 9
Child 0
Child 1
Child 2
Child 3
Child 4
Child 5
Child 6
Child 7
Child 8
Child 9
Child 0
Child 1
Child 2
Child 3
Child 4
Child 5
Child 6
Child 7
Child 8
Child 9
Child 0
Child 1
Child 2
Child 3
Child 4
Child 5
Child 6
Child 7
Child 8
Child 9
Child 0
Child 1
Child 2
Child 3
Child 4
Child 5
Child 6
Child 7
Child 8
Child 9
Child 0
Child 1
Child 2
Child 3
Child 4
Child 5
Child 6
Child 7
Child 8
Child 9
Child 0
Child 1
Child 2
Child 3
Child 4
Child 5
Child 6
Child 7
Child 8
Child 9
Child 0
Child 1
Child 2
Child 3
Child 4
Child 5
Child 6
Child 7
Child 8
Child 9
Child 0
Child 1
Child 2
Child 3
Child 4
Child 5
Child 6
Child 7
Child 8
Child 9
Child 0
Child 1
Child 2
Child 3
Child 4
Child 5
Child 6
Child 7
Child 8
Child 9
Child 0
Child 1
Child 2
Child 3
Child 4
Child 5
Child 6
Child 7
Child 8
Child 9
Child 0
Child 1
Child 2
Child 3
Child 4
Child 5
Child 6
Child 7
Child 8
Child 9
Child 0
Child 1
Child 2
Child 3
Child 4
Child 5
Child 6
Child 7
Child 8
Child 9
Child 0
Child 1
Child 2
Child 3
Child 4
Child 5
Child 6
Child 7
Child 8
Child 9
Child 0
Child 1
Child 2
Child 3
Child 4
Child 5
Child 6
Child 7
Child 8
Child 9
Child 0
Child 1
Child 2
Child 3
Child 4
Child 5
Child 6
Child 7
Child 8
Child 9
Child 0
Child 1
Child 2
Child 3
Child 4
Child 5
Child 6
Child 7
Child 8
Child 9
Child 0
Child 1
Child 2
Child 3
Child 4
Child 5
Child 6
Child 7
Child 8
Child 9
Child 0
Child 1
Child 2
Child 3
Child 4
Child 5
Child 6
Child 7
Child 8
Child 9
Child 0
Child 1
Child 2
Child 3
Child 4
Child 5
Child 6
Child 7
Child 8
Child 9
Child 0
Child 1
Child 2
Child 3
Child 4
Child 5
Child 6
Child 7
Child 8
Child 9
Child 0
Child 1
Child 2
Child 3
Child 4
Child 5
Child 6
Child 7
Child 8
Child 9
Child 0
Child 1
Child 2
Child 3
Child 4
Child 5
Child 6
Child 7
Child 8
Child 9
Child 0
Child 1
Child 2
Child 3
Child 4
Child 5
Child 6
Child 7
Child 8
Child 9
Child 0
Child 1
Child 2
Child 3
Child 4
Child 5
Child 6
Child 7
Child 8
Child 9
Child 0
Child 1
Child 2
Child 3
Child 4
Child 5
Child 6
Child 7
Child 8
Child 9
Child 0
Child 1
Child 2
Child 3
Child 4
Child 5
Child 6
Child 7
Child 8
Child 9
Child 0
Child 1
Child 2
Child 3
Child 4
Child 5
Child 6
Child 7
Child 8
Child 9
Child 0
Child 1
Child 2
Child 3
Child 4
Child 5
Child 6
Child 7
Child 8
Child 9
Child 0
Child 1
Child 2
Child 3
Child 4
Child 5
Child 6
Child 7
Child 8
Child 9
Child 0
Child 1
Child 2
Child 3
Child 4
Child 5
Child 6
Child 7
Child 8
Child 9
Child 0
Child 1
Child 2
Child 3
Child 4
Child 5
Child 6
Child 7
Child 8
Child 9
Child 0
Child 1
Child 2
Child 3
Child 4
Child 5
Child 6
Child 7
Child 8
Child 9
Child 0
Child 1
Child 2
Child 3
Child 4
Child 5
Child 6
Child 7
Child 8
Child 9
Child 0
Child 1
Child 2
Child 3
Child 4
Child 5
Child 6
Child 7
Child 8
Child 9
Child 0
Child 1
Child 2
Child 3
Child 4
Child 5
Child 6
Child 7
Child 8
Child 9
Child 0
Child 1
Child 2
Child 3
Child 4
Child 5
Child 6
Child 7
Child 8
Child 9
Child 0
Child 1
Child 2
Child 3
Child 4
Child 5
Child 6
Child 7
Child 8
Child 9
Child 0
Child 1
Child 2
Child 3
Child 4
Child 5
Child 6
Child 7
Child 8
Child 9
Child 0
Child 1
Child 2
Child 3
Child 4
Child 5
Child 6
Child 7
Child 8
Child 9
Sentinel quitting.
No runnable processes, halting.
