P2_Startup
Sentinel quitting.
No runnable processes, halting.
