 
---------Starting Test SEM ----------
child 1 
 ---------Ending Test SEM ----------
Sentinel quitting.
No runnable processes, halting.
