 
---------Starting Test CLOCK ----------
wait period : 0
wait period : 0
wait period : 0
wait period : 0
wait period : 0
wait period : 0
wait period : 0
wait period : 0
wait period : 0
wait period : 0
 ---------Ending Test CLOCK ----------
Sentinel quitting.
No runnable processes, halting.
